exports[`test colors 1`] = `
Object {
  "dark": Object {
    "common": Object {
      "accent": "F29718",
      "bg": "0F1419",
      "fg": "E6E1CF",
    },
    "syntax": Object {
      "activeGuide": "314559",
      "comment": "5C6773",
      "constant": "FFEE99",
      "error": "FF3333",
      "esSpec": "E6B673",
      "func": "FFB454",
      "gutterFg": "2D3640",
      "inSelection": "1E2A35",
      "keyword": "FF7733",
      "lineHg": "151A1F",
      "operator": "E7C547",
      "regexp": "95E6CB",
      "selection": "253340",
      "stackGuide": "1A2633",
      "string": "B8CC52",
      "supVar": "F07178",
      "tag": "36A3D9",
    },
    "theme": "dark",
    "ui": Object {
      "fg": "3E4B59",
      "folder": Object {
        "normal": "3E4B59",
      },
      "gridDivider": "1D242C",
      "minimap": "100, 100, 100",
      "opacity": "0.3",
      "panel": Object {
        "bg": "14191F",
        "pathFg": "42505E",
        "rowBg": "191F26",
        "shadow": "000000",
      },
      "scrollbar": Object {
        "puck": "FFFFFF",
      },
    },
  },
  "light": Object {
    "common": Object {
      "accent": "FF6A00",
      "bg": "FAFAFA",
      "fg": "5C6773",
    },
    "syntax": Object {
      "activeGuide": "B3B2B1",
      "comment": "ABB0B6",
      "constant": "A37ACC",
      "error": "FF3333",
      "esSpec": "CCA37A",
      "func": "F29718",
      "gutterFg": "D9D8D7",
      "inSelection": "F2F2EB",
      "keyword": "F2590C",
      "lineHg": "F2F2F2",
      "operator": "E7C547",
      "regexp": "4DBF99",
      "selection": "F0EEE4",
      "stackGuide": "DEDDDC",
      "string": "86B300",
      "supVar": "F07178",
      "tag": "41A6D9",
    },
    "theme": "light",
    "ui": Object {
      "fg": "828C99",
      "folder": Object {
        "normal": "828C99",
      },
      "gridDivider": "E2E4E7",
      "minimap": "130, 140, 153",
      "opacity": "0.2",
      "panel": Object {
        "bg": "FFFFFF",
        "pathFg": "B0BEC5",
        "rowBg": "F5F5F5",
        "shadow": "A0A0A0",
      },
      "scrollbar": Object {
        "puck": "000000",
      },
    },
  },
  "mirage": Object {
    "common": Object {
      "accent": "FFCC66",
      "bg": "212733",
      "fg": "D9D7CE",
    },
    "syntax": Object {
      "activeGuide": "606F80",
      "comment": "5C6773",
      "constant": "D4BFFF",
      "error": "FF3333",
      "esSpec": "FFC44C",
      "func": "FFD580",
      "gutterFg": "3D4752",
      "inSelection": "2D3640",
      "keyword": "FFAE57",
      "lineHg": "242B38",
      "operator": "80D4FF",
      "regexp": "95E6CB",
      "selection": "343F4D",
      "stackGuide": "39434D",
      "string": "BAE67E",
      "supVar": "F07178",
      "tag": "5CCFE6",
    },
    "theme": "mirage",
    "ui": Object {
      "fg": "607080",
      "folder": Object {
        "normal": "3E4B59",
      },
      "gridDivider": "343D4A",
      "minimap": "100, 100, 100",
      "opacity": "0.3",
      "panel": Object {
        "bg": "272D38",
        "pathFg": "607080",
        "rowBg": "303540",
        "shadow": "11141A",
      },
      "scrollbar": Object {
        "puck": "FFFFFF",
      },
    },
  },
}
`;
