exports[`test colors 1`] = `
Object {
  "dark": Object {
    "common": Object {
      "accent": "#f29718",
      "bg": "#0f1419",
      "fg": "#e6e1cf",
    },
    "syntax": Object {
      "activeGuide": "#314559",
      "comment": "#5c6773",
      "constant": "#ffee99",
      "entity": "#59c2ff",
      "error": "#ff3333",
      "func": "#ffb454",
      "gutter": "#35404c",
      "keyword": "#ff7733",
      "line": "#151a1f",
      "markup": "#f07178",
      "operator": "#f29668",
      "regexp": "#95e6cb",
      "selection": "#253340",
      "special": "#e6b673",
      "stackGuide": "#1a2633",
      "string": "#c2d94c",
      "tag": "#39bae6",
    },
    "theme": "dark",
    "ui": Object {
      "fg": "#515c66",
      "folder": Object {
        "normal": "#3e4b59",
      },
      "gridDivider": "#1d242c",
      "minimap": "100, 100, 100",
      "opacity": "0.3",
      "panel": Object {
        "bg": "#14191f",
        "pathFg": "#42505e",
        "rowBg": "#191f26",
        "shadow": "#000000",
      },
      "scrollbar": Object {
        "puck": "#ffffff",
      },
    },
  },
  "light": Object {
    "common": Object {
      "accent": "#ff6a00",
      "bg": "#fafafa",
      "fg": "#6e7580",
    },
    "syntax": Object {
      "activeGuide": "#b3b2b1",
      "comment": "#abb0b6",
      "constant": "#a37acc",
      "entity": "#399ee6",
      "error": "#f51818",
      "func": "#f29718",
      "gutter": "#d9d8d7",
      "keyword": "#fa6e32",
      "line": "#f2f2f2",
      "markup": "#f07171",
      "operator": "#ed9366",
      "regexp": "#4cbf99",
      "selection": "#f0eee4",
      "special": "#e6b673",
      "stackGuide": "#dedddc",
      "string": "#86b300",
      "tag": "#55b4d4",
    },
    "theme": "light",
    "ui": Object {
      "fg": "#85888c",
      "folder": Object {
        "normal": "#878f99",
      },
      "gridDivider": "#e2e4e7",
      "minimap": "130, 140, 153",
      "opacity": "0.2",
      "panel": Object {
        "bg": "#ffffff",
        "pathFg": "#959ca6",
        "rowBg": "#f5f5f5",
        "shadow": "#7e848c",
      },
      "scrollbar": Object {
        "puck": "#000000",
      },
    },
  },
  "mirage": Object {
    "common": Object {
      "accent": "#ffcc66",
      "bg": "#212733",
      "fg": "#d9d7ce",
    },
    "syntax": Object {
      "activeGuide": "#737d87",
      "comment": "#5c6773",
      "constant": "#d4bfff",
      "entity": "#73d0ff",
      "error": "#ff3333",
      "func": "#ffd580",
      "gutter": "#434e59",
      "keyword": "#ffa759",
      "line": "#242b38",
      "markup": "#f28779",
      "operator": "#f29e74",
      "regexp": "#95e6cb",
      "selection": "#343f4c",
      "special": "#ffc44c",
      "stackGuide": "#39434d",
      "string": "#bae67e",
      "tag": "#5ccfe6",
    },
    "theme": "#mirage",
    "ui": Object {
      "fg": "#738699",
      "folder": Object {
        "normal": "#3e4b59",
      },
      "gridDivider": "#343d4a",
      "minimap": "100, 100, 100",
      "opacity": "0.3",
      "panel": Object {
        "bg": "#272d38",
        "pathFg": "#66737f",
        "rowBg": "#303540",
        "shadow": "#11141a",
      },
      "scrollbar": Object {
        "puck": "#ffffff",
      },
    },
  },
}
`;
